Microchip MPLAB XC8 Compiler V2.05 ()

Linker command line:

-W-3 --edf=C:\Program Files (x86)\Microchip\xc8\v2.05\pic\dat\en_msgs.txt \
  -cs -h+dist/default/production\Test.X.production.sym \
  --cmf=dist/default/production\Test.X.production.cmf -z -Q16F877A \
  -oC:\Users\fujitsu\AppData\Local\Temp\s21g.2 --defsym=__MPLAB_BUILD=1 \
  -Mdist/default/production/Test.X.production.map -E1 -ver=XC8 --acfsm=1493 \
  -ASTACK=0110h-016Fh -pstack=STACK -ACODE=00h-07FFhx4 -ASTRCODE=00h-01FFFh \
  -ASTRING=00h-0FFhx32 -ACONST=00h-0FFhx32 -AENTRY=00h-0FFhx32 \
  -ACOMMON=070h-07Fh -ABANK0=020h-06Fh -ABANK1=0A0h-0EFh \
  -ABANK2=0110h-016Fh -ABANK3=0190h-01EFh \
  -ARAM=020h-06Fh,0A0h-0EFh,0110h-016Fh,0190h-01EFh \
  -AABS1=020h-07Fh,0A0h-0EFh,0110h-016Fh,0190h-01EFh -ASFR0=00h-01Fh \
  -ASFR1=080h-09Fh -ASFR2=0100h-010Fh -ASFR3=0180h-018Fh \
  -preset_vec=00h,intentry=04h,init,end_init -ppowerup=CODE -pcinit=CODE \
  -pfunctab=ENTRY -ACONFIG=02007h-02007h -pconfig=CONFIG -DCONFIG=2 \
  -AIDLOC=02000h-02003h -pidloc=IDLOC -DIDLOC=2 -AEEDATA=00h-0FFh/02100h \
  -peeprom_data=EEDATA -DEEDATA=2 -DCODE=2 -DSTRCODE=2 -DSTRING=2 -DCONST=2 \
  -DENTRY=2 -k C:\Users\fujitsu\AppData\Local\Temp\s21g.o \
  dist/default/production\Test.X.production.o 

Object code version is 3.11

Machine type is 16F877A



                Name                               Link     Load   Length Selector   Space Scale
C:\Users\fujitsu\AppData\Local\Temp\s21g.o
                end_init                              C        C        3        8       0
                reset_vec                             0        0        3        0       0
                config                             2007     2007        1     400E       0
dist/default/production\Test.X.production.o
                cinit                                 F        F        F        8       0
                intentry                              4        4        8        8       0
                text14                              FD5      FD5       15     1FAA       0
                text13                              7DC      7DC       17      E92       0
                text12                              794      794       1A      E92       0
                text11                              7C5      7C5       17      E92       0
                text10                              6E0      6E0       38        8       0
                text9                               FC2      FC2       13     1F84       0
                text8                               749      749       2F      E92       0
                text7                               5FA      5FA       5B        8       0
                text6                               655      655       4D        8       0
                text5                               6A2      6A2       3E        8       0
                text4                               FEA      FEA       16     1FD4       0
                text3                               7AE      7AE       17      E92       0
                text2                               778      778       1C      E92       0
                text1                                1E       1E      550        8       0
                maintext                            56E      56E       8C        8       0
                cstackBANK0                          20       20       22       20       1
                cstackCOMMON                         70       70        6       70       1
                bssBANK0                             42       42        7       20       1
                bssCOMMON                            76       76        2       70       1
                strings                             718      718       31      E30       0

TOTAL           Name                               Link     Load   Length     Space
        CLASS   STACK          

        CLASS   CODE           
                end_init                              C        C        3         0
                cinit                                 F        F        F         0
                intentry                              4        4        8         0
                reset_vec                             0        0        3         0
                text14                              FD5      FD5       15         0
                text13                              7DC      7DC       17         0
                text12                              794      794       1A         0
                text11                              7C5      7C5       17         0
                text10                              6E0      6E0       38         0
                text9                               FC2      FC2       13         0
                text8                               749      749       2F         0
                text7                               5FA      5FA       5B         0
                text6                               655      655       4D         0
                text5                               6A2      6A2       3E         0
                text4                               FEA      FEA       16         0
                text3                               7AE      7AE       17         0
                text2                               778      778       1C         0
                text1                                1E       1E      550         0
                maintext                            56E      56E       8C         0

        CLASS   STRCODE        

        CLASS   STRING         
                strings                             718      718       31         0

        CLASS   CONST          

        CLASS   ENTRY          

        CLASS   COMMON         
                cstackCOMMON                         70       70        6         1
                bssCOMMON                            76       76        2         1

        CLASS   BANK0          
                cstackBANK0                          20       20       22         1
                bssBANK0                             42       42        7         1

        CLASS   BANK1          

        CLASS   BANK2          

        CLASS   BANK3          

        CLASS   RAM            

        CLASS   ABS1           
                abs_s1                               7E       7E        2         1

        CLASS   SFR0           

        CLASS   SFR1           

        CLASS   SFR2           

        CLASS   SFR3           

        CLASS   CONFIG         
                config                             2007     2007        1         0

        CLASS   IDLOC          

        CLASS   EEDATA         



SEGMENTS        Name                           Load    Length   Top    Selector   Space  Class     Delta

                reset_vec                      000000  000003  000003         0       0  CODE        2
                intentry                       000004  000714  000718         8       0  CODE        2
                cstackBANK0                    000020  000029  000049        20       1  BANK0       1
                cstackCOMMON                   000070  000008  000078        70       1  COMMON      1
                strings                        000718  000031  000749       E30       0  STRING      2
                text8                          000749  0000AA  0007F3       E92       0  CODE        2
                text9                          000FC2  000013  000FD5      1F84       0  CODE        2
                text14                         000FD5  000015  000FEA      1FAA       0  CODE        2
                text4                          000FEA  000016  001000      1FD4       0  CODE        2
                config                         002007  000001  002008      400E       0  CONFIG      2


UNUSED ADDRESS RANGES

        Name                Unused          Largest block    Delta
        BANK0            0049-006F             27           1
        BANK1            00A0-00EF             50           1
        BANK2            0110-016F             60           1
        BANK3            0190-01EF             60           1
        CODE             0003-0003              1           2
                         07F3-0FC1              D
                         1000-1FFF            800
        COMMON           0078-007D              6           1
        CONST            0003-0003              1           2
                         07F3-0FC1            100
                         1000-1FFF            100
        EEDATA           2100-21FF            100           2
        ENTRY            0003-0003              1           2
                         07F3-0FC1            100
                         1000-1FFF            100
        IDLOC            2000-2003              4           2
        RAM              0049-006F             27           1
                         00A0-00EF             50
                         0110-016F             60
                         0190-01EF             60
        SFR0             0000-001F             20           1
        SFR1             0080-009F             20           1
        SFR2             0100-010F             10           1
        SFR3             0180-018F             10           1
        STACK            0110-016F             60           1
        STRCODE          0003-0003              1           2
                         07F3-0FC1            7CF
                         1000-1FFF           1000
        STRING           0003-0003              1           2
                         07F3-0FC1            100
                         1000-1FFF            100

                                  Symbol Table

?___awdiv                     cstackBANK0  0020
?___awmod                     cstackBANK0  0020
_INTCONbits                   (abs)        000B
_OPTION_REGbits               (abs)        0081
_PORTBbits                    (abs)        0006
_PORTD                        (abs)        0008
_TRISBbits                    (abs)        0086
_TRISC                        (abs)        0087
_TRISD                        (abs)        0088
__CFG_BOREN$OFF               (abs)        0000
__CFG_CP$OFF                  (abs)        0000
__CFG_CPD$OFF                 (abs)        0000
__CFG_FOSC$EXTRC              (abs)        0000
__CFG_LVP$ON                  (abs)        0000
__CFG_PWRTE$OFF               (abs)        0000
__CFG_WDTE$OFF                (abs)        0000
__CFG_WRT$OFF                 (abs)        0000
__Habs1                       abs1         0000
__Hbank0                      bank0        0000
__Hbank1                      bank1        0000
__Hbank2                      bank2        0000
__Hbank3                      bank3        0000
__HbssBANK0                   bssBANK0     0000
__HbssCOMMON                  bssCOMMON    0000
__Hcinit                      cinit        001E
__Hclrtext                    clrtext      0000
__Hcode                       code         0000
__Hcommon                     common       0000
__Hconfig                     config       2008
__HcstackBANK0                cstackBANK0  0000
__HcstackCOMMON               cstackCOMMON 0000
__Heeprom_data                eeprom_data  0000
__Hend_init                   end_init     000F
__Hfunctab                    functab      0000
__Hidloc                      idloc        0000
__Hinit                       init         000C
__Hintentry                   intentry     000C
__Hmaintext                   maintext     0000
__Hpowerup                    powerup      0000
__Hram                        ram          0000
__Hreset_vec                  reset_vec    0003
__Hsfr0                       sfr0         0000
__Hsfr1                       sfr1         0000
__Hsfr2                       sfr2         0000
__Hsfr3                       sfr3         0000
__Hspace_0                    (abs)        2008
__Hspace_1                    (abs)        0078
__Hspace_2                    (abs)        0000
__Hspace_3                    (abs)        0000
__Hstack                      stack        0000
__Hstrings                    strings      0000
__Htext                       text         0000
__Labs1                       abs1         0000
__Lbank0                      bank0        0000
__Lbank1                      bank1        0000
__Lbank2                      bank2        0000
__Lbank3                      bank3        0000
__LbssBANK0                   bssBANK0     0000
__LbssCOMMON                  bssCOMMON    0000
__Lcinit                      cinit        000F
__Lclrtext                    clrtext      0000
__Lcode                       code         0000
__Lcommon                     common       0000
__Lconfig                     config       2007
__LcstackBANK0                cstackBANK0  0000
__LcstackCOMMON               cstackCOMMON 0000
__Leeprom_data                eeprom_data  0000
__Lend_init                   end_init     000C
__Lfunctab                    functab      0000
__Lidloc                      idloc        0000
__Linit                       init         000C
__Lintentry                   intentry     0004
__Lmaintext                   maintext     0000
__Lpowerup                    powerup      0000
__Lram                        ram          0000
__Lreset_vec                  reset_vec    0000
__Lsfr0                       sfr0         0000
__Lsfr1                       sfr1         0000
__Lsfr2                       sfr2         0000
__Lsfr3                       sfr3         0000
__Lspace_0                    (abs)        0000
__Lspace_1                    (abs)        0000
__Lspace_2                    (abs)        0000
__Lspace_3                    (abs)        0000
__Lstack                      stack        0000
__Lstrings                    strings      0000
__Ltext                       text         0000
__S0                          (abs)        2008
__S1                          (abs)        0078
__S2                          (abs)        0000
__S3                          (abs)        0000
___awdiv                      text7        05FA
___awdiv@counter              cstackBANK0  0025
___awdiv@dividend             cstackBANK0  0022
___awdiv@divisor              cstackBANK0  0020
___awdiv@quotient             cstackBANK0  0027
___awdiv@sign                 cstackBANK0  0026
___awmod                      text6        0655
___awmod@counter              cstackBANK0  0025
___awmod@dividend             cstackBANK0  0022
___awmod@divisor              cstackBANK0  0020
___awmod@sign                 cstackBANK0  0026
___bmul                       text9        0FC2
___bmul@multiplicand          cstackBANK0  0020
___bmul@multiplier            cstackBANK0  0023
___bmul@product               cstackBANK0  0022
___date                       bssBANK0     0045
___hour                       bssBANK0     0046
___int_sp                     stack        0000
___latbits                    (abs)        0002
___minute                     bssBANK0     0047
___month                      bssBANK0     0044
___second                     bssBANK0     0048
___sp                         stack        0000
___stackhi                    (abs)        0000
___stacklo                    (abs)        0000
___year                       bssBANK0     0043
__end_of___awdiv              text7        0655
__end_of___awmod              text6        06A2
__end_of___bmul               text9        0FD5
__end_of__initialization      cinit        001A
__end_of__stringtab           strings      071E
__end_of_bcd_to_ascii         text10       0718
__end_of_bcd_to_decimal       text8        0778
__end_of_decimal_to_bcd       text5        06E0
__end_of_external             text12       07AE
__end_of_lcd_command          text4        1000
__end_of_lcd_data             text11       07DC
__end_of_lcd_init             text3        07C5
__end_of_lcd_string           text2        0794
__end_of_main                 maintext     05FA
__end_of_set_timing           text1        056E
__end_ofi1_lcd_command        text14       0FEA
__end_ofi1_lcd_init           text13       07F3
__initialization              cinit        000F
__pbssBANK0                   bssBANK0     0042
__pbssCOMMON                  bssCOMMON    0076
__pcstackBANK0                cstackBANK0  0020
__pcstackCOMMON               cstackCOMMON 0070
__pintentry                   intentry     0004
__pmaintext                   maintext     056E
__pstrings                    strings      0718
__ptext1                      text1        001E
__ptext10                     text10       06E0
__ptext11                     text11       07C5
__ptext12                     text12       0794
__ptext13                     text13       07DC
__ptext14                     text14       0FD5
__ptext2                      text2        0778
__ptext3                      text3        07AE
__ptext4                      text4        0FEA
__ptext5                      text5        06A2
__ptext6                      text6        0655
__ptext7                      text7        05FA
__ptext8                      text8        0749
__ptext9                      text9        0FC2
__size_of___awdiv             (abs)        0000
__size_of___awmod             (abs)        0000
__size_of___bmul              (abs)        0000
__size_of_bcd_to_ascii        (abs)        0000
__size_of_bcd_to_decimal      (abs)        0000
__size_of_decimal_to_bcd      (abs)        0000
__size_of_external            (abs)        0000
__size_of_lcd_command         (abs)        0000
__size_of_lcd_data            (abs)        0000
__size_of_lcd_init            (abs)        0000
__size_of_lcd_string          (abs)        0000
__size_of_main                (abs)        0000
__size_of_set_timing          (abs)        0000
__size_ofi1_lcd_command       (abs)        0000
__size_ofi1_lcd_init          (abs)        0000
__stringbase                  strings      071D
__stringtab                   strings      0718
_bcd_to_ascii                 text10       06E0
_bcd_to_decimal               text8        0749
_decimal_to_bcd               text5        06A2
_external                     text12       0794
_lcd_command                  text4        0FEA
_lcd_data                     text11       07C5
_lcd_init                     text3        07AE
_lcd_string                   text2        0778
_main                         maintext     056E
_set_timing                   text1        001E
_timing_flag                  bssBANK0     0042
bcd_to_ascii@bcd              cstackBANK0  0026
bcd_to_ascii@value            cstackBANK0  0025
bcd_to_decimal@dec            cstackBANK0  0027
bcd_to_decimal@value          cstackBANK0  0026
btemp                         (abs)        007E
decimal_to_bcd@hex            cstackBANK0  002E
decimal_to_bcd@lsb            cstackBANK0  002D
decimal_to_bcd@msb            cstackBANK0  002C
decimal_to_bcd@value          cstackBANK0  002F
end_of_initialization         cinit        001A
i1_lcd_command                text14       0FD5
i1_lcd_init                   text13       07DC
i1lcd_command@cmd             cstackCOMMON 0072
interrupt_function            intentry     0004
intlevel0                     functab      0000
intlevel1                     functab      0000
intlevel2                     functab      0000
intlevel3                     functab      0000
intlevel4                     functab      0000
intlevel5                     functab      0000
lcd_command@cmd               cstackBANK0  0022
lcd_data@data                 cstackBANK0  0022
lcd_string@i                  cstackBANK0  0025
lcd_string@num                cstackBANK0  0023
lcd_string@str                cstackBANK0  0026
reset_vec                     reset_vec    0000
saved_w                       (abs)        007E
set_timing@bcd_val_date       cstackBANK0  0036
set_timing@bcd_val_hour       cstackBANK0  0035
set_timing@bcd_val_minute     cstackBANK0  0034
set_timing@bcd_val_month      cstackBANK0  0037
set_timing@bcd_val_second     cstackBANK0  0033
set_timing@bcd_val_year       cstackBANK0  0038
set_timing@decimal_val_date   cstackBANK0  003B
set_timing@decimal_val_hour   cstackBANK0  003A
set_timing@decimal_val_minute cstackBANK0  0039
set_timing@decimal_val_month  cstackBANK0  003C
set_timing@decimal_val_second cstackBANK0  003E
set_timing@decimal_val_year   cstackBANK0  003D
start                         init         000C
start_initialization          cinit        000F
wtemp0                        (abs)        007E


FUNCTION INFORMATION:

 *************** function _main *****************
 Defined at:
		line 34 in file "newmain.c"
 Parameters:    Size  Location     Type
		None
 Auto vars:     Size  Location     Type
		None
 Return value:  Size  Location     Type
                  1    wreg      void 
 Registers used:
		wreg, fsr0l, fsr0h, status,2, status,0, pclath, cstack
 Tracked objects:
		On entry : 
		On exit  : 
		Unchanged: 
 Data sizes:     COMMON   BANK0   BANK1   BANK3   BANK2
      Params:         0       0       0       0       0
      Locals:         0       0       0       0       0
      Temps:          0       3       0       0       0
      Totals:         0       3       0       0       0
Total ram usage:        3 bytes
 Hardware stack levels required when called:    6
 This function calls:
		_bcd_to_ascii
		_lcd_command
		_lcd_init
		_lcd_string
		_set_timing
 This function is called by:
		Startup code after reset
 This function uses a non-reentrant model


 *************** function _set_timing *****************
 Defined at:
		line 147 in file "newmain.c"
 Parameters:    Size  Location     Type
		None
 Auto vars:     Size  Location     Type
  decimal_val_    1   30[BANK0 ] unsigned char 
  decimal_val_    1   29[BANK0 ] unsigned char 
  decimal_val_    1   28[BANK0 ] unsigned char 
  decimal_val_    1   27[BANK0 ] unsigned char 
  decimal_val_    1   26[BANK0 ] unsigned char 
  decimal_val_    1   25[BANK0 ] unsigned char 
  bcd_val_year    1   24[BANK0 ] unsigned char 
  bcd_val_mont    1   23[BANK0 ] unsigned char 
  bcd_val_date    1   22[BANK0 ] unsigned char 
  bcd_val_hour    1   21[BANK0 ] unsigned char 
  bcd_val_minu    1   20[BANK0 ] unsigned char 
  bcd_val_seco    1   19[BANK0 ] unsigned char 
 Return value:  Size  Location     Type
                  1    wreg      void 
 Registers used:
		wreg, fsr0l, fsr0h, status,2, status,0, pclath, cstack
 Tracked objects:
		On entry : 
		On exit  : 
		Unchanged: 
 Data sizes:     COMMON   BANK0   BANK1   BANK3   BANK2
      Params:         0       0       0       0       0
      Locals:         0      12       0       0       0
      Temps:          0       3       0       0       0
      Totals:         0      15       0       0       0
Total ram usage:       15 bytes
 Hardware stack levels used:    1
 Hardware stack levels required when called:    5
 This function calls:
		_bcd_to_ascii
		_bcd_to_decimal
		_decimal_to_bcd
		_lcd_command
		_lcd_init
		_lcd_string
 This function is called by:
		_main
 This function uses a non-reentrant model


 *************** function _lcd_string *****************
 Defined at:
		line 103 in file "newmain.c"
 Parameters:    Size  Location     Type
  str             1    wreg     PTR const unsigned char 
		 -> STR_22(6), STR_21(7), STR_20(6), STR_19(6), 
		 -> STR_18(6), STR_17(6), STR_16(6), STR_15(6), 
		 -> STR_14(6), STR_13(6), STR_12(6), STR_11(6), 
		 -> STR_10(6), STR_9(6), STR_8(6), STR_7(6), 
		 -> STR_6(6), STR_5(6), STR_4(6), STR_3(6), 
		 -> STR_2(6), STR_1(7), 
  num             1    3[BANK0 ] unsigned char 
 Auto vars:     Size  Location     Type
  str             1    6[BANK0 ] PTR const unsigned char 
		 -> STR_22(6), STR_21(7), STR_20(6), STR_19(6), 
		 -> STR_18(6), STR_17(6), STR_16(6), STR_15(6), 
		 -> STR_14(6), STR_13(6), STR_12(6), STR_11(6), 
		 -> STR_10(6), STR_9(6), STR_8(6), STR_7(6), 
		 -> STR_6(6), STR_5(6), STR_4(6), STR_3(6), 
		 -> STR_2(6), STR_1(7), 
  i               1    5[BANK0 ] unsigned char 
 Return value:  Size  Location     Type
                  1    wreg      void 
 Registers used:
		wreg, fsr0l, fsr0h, status,2, status,0, pclath, cstack
 Tracked objects:
		On entry : 
		On exit  : 
		Unchanged: 
 Data sizes:     COMMON   BANK0   BANK1   BANK3   BANK2
      Params:         0       1       0       0       0
      Locals:         0       2       0       0       0
      Temps:          0       1       0       0       0
      Totals:         0       4       0       0       0
Total ram usage:        4 bytes
 Hardware stack levels used:    1
 Hardware stack levels required when called:    4
 This function calls:
		_lcd_data
 This function is called by:
		_main
		_set_timing
 This function uses a non-reentrant model


 *************** function _lcd_init *****************
 Defined at:
		line 78 in file "newmain.c"
 Parameters:    Size  Location     Type
		None
 Auto vars:     Size  Location     Type
		None
 Return value:  Size  Location     Type
                  1    wreg      void 
 Registers used:
		wreg, status,2, status,0, pclath, cstack
 Tracked objects:
		On entry : 
		On exit  : 
		Unchanged: 
 Data sizes:     COMMON   BANK0   BANK1   BANK3   BANK2
      Params:         0       0       0       0       0
      Locals:         0       0       0       0       0
      Temps:          0       0       0       0       0
      Totals:         0       0       0       0       0
Total ram usage:        0 bytes
 Hardware stack levels used:    1
 Hardware stack levels required when called:    4
 This function calls:
		_lcd_command
 This function is called by:
		_main
		_set_timing
 This function uses a non-reentrant model


 *************** function _lcd_command *****************
 Defined at:
		line 94 in file "newmain.c"
 Parameters:    Size  Location     Type
  cmd             1    wreg     unsigned char 
 Auto vars:     Size  Location     Type
  cmd             1    2[BANK0 ] unsigned char 
 Return value:  Size  Location     Type
                  1    wreg      void 
 Registers used:
		wreg
 Tracked objects:
		On entry : 
		On exit  : 
		Unchanged: 
 Data sizes:     COMMON   BANK0   BANK1   BANK3   BANK2
      Params:         0       0       0       0       0
      Locals:         0       1       0       0       0
      Temps:          0       2       0       0       0
      Totals:         0       3       0       0       0
Total ram usage:        3 bytes
 Hardware stack levels used:    1
 Hardware stack levels required when called:    3
 This function calls:
		Nothing
 This function is called by:
		_main
		_lcd_init
		_set_timing
 This function uses a non-reentrant model


 *************** function _decimal_to_bcd *****************
 Defined at:
		line 136 in file "newmain.c"
 Parameters:    Size  Location     Type
  value           1    wreg     unsigned char 
 Auto vars:     Size  Location     Type
  value           1   15[BANK0 ] unsigned char 
  hex             1   14[BANK0 ] unsigned char 
  lsb             1   13[BANK0 ] unsigned char 
  msb             1   12[BANK0 ] unsigned char 
 Return value:  Size  Location     Type
                  1    wreg      unsigned char 
 Registers used:
		wreg, status,2, status,0, pclath, cstack
 Tracked objects:
		On entry : 
		On exit  : 
		Unchanged: 
 Data sizes:     COMMON   BANK0   BANK1   BANK3   BANK2
      Params:         0       0       0       0       0
      Locals:         0       4       0       0       0
      Temps:          0       3       0       0       0
      Totals:         0       7       0       0       0
Total ram usage:        7 bytes
 Hardware stack levels used:    1
 Hardware stack levels required when called:    4
 This function calls:
		___awdiv
		___awmod
 This function is called by:
		_set_timing
 This function uses a non-reentrant model


 *************** function ___awmod *****************
 Defined at:
		line 5 in file "C:\Program Files (x86)\Microchip\xc8\v2.05\pic\sources\c90\common\awmod.c"
 Parameters:    Size  Location     Type
  divisor         2    0[BANK0 ] int 
  dividend        2    2[BANK0 ] int 
 Auto vars:     Size  Location     Type
  sign            1    6[BANK0 ] unsigned char 
  counter         1    5[BANK0 ] unsigned char 
 Return value:  Size  Location     Type
                  2    0[BANK0 ] int 
 Registers used:
		wreg, status,2, status,0
 Tracked objects:
		On entry : 
		On exit  : 
		Unchanged: 
 Data sizes:     COMMON   BANK0   BANK1   BANK3   BANK2
      Params:         0       4       0       0       0
      Locals:         0       2       0       0       0
      Temps:          0       1       0       0       0
      Totals:         0       7       0       0       0
Total ram usage:        7 bytes
 Hardware stack levels used:    1
 Hardware stack levels required when called:    3
 This function calls:
		Nothing
 This function is called by:
		_decimal_to_bcd
 This function uses a non-reentrant model


 *************** function ___awdiv *****************
 Defined at:
		line 5 in file "C:\Program Files (x86)\Microchip\xc8\v2.05\pic\sources\c90\common\awdiv.c"
 Parameters:    Size  Location     Type
  divisor         2    0[BANK0 ] int 
  dividend        2    2[BANK0 ] int 
 Auto vars:     Size  Location     Type
  quotient        2    7[BANK0 ] int 
  sign            1    6[BANK0 ] unsigned char 
  counter         1    5[BANK0 ] unsigned char 
 Return value:  Size  Location     Type
                  2    0[BANK0 ] int 
 Registers used:
		wreg, status,2, status,0
 Tracked objects:
		On entry : 
		On exit  : 
		Unchanged: 
 Data sizes:     COMMON   BANK0   BANK1   BANK3   BANK2
      Params:         0       4       0       0       0
      Locals:         0       4       0       0       0
      Temps:          0       1       0       0       0
      Totals:         0       9       0       0       0
Total ram usage:        9 bytes
 Hardware stack levels used:    1
 Hardware stack levels required when called:    3
 This function calls:
		Nothing
 This function is called by:
		_decimal_to_bcd
 This function uses a non-reentrant model


 *************** function _bcd_to_decimal *****************
 Defined at:
		line 125 in file "newmain.c"
 Parameters:    Size  Location     Type
  value           1    wreg     unsigned char 
 Auto vars:     Size  Location     Type
  value           1    6[BANK0 ] unsigned char 
  dec             1    7[BANK0 ] unsigned char 
 Return value:  Size  Location     Type
                  1    wreg      unsigned char 
 Registers used:
		wreg, status,2, status,0, pclath, cstack
 Tracked objects:
		On entry : 
		On exit  : 
		Unchanged: 
 Data sizes:     COMMON   BANK0   BANK1   BANK3   BANK2
      Params:         0       0       0       0       0
      Locals:         0       2       0       0       0
      Temps:          0       2       0       0       0
      Totals:         0       4       0       0       0
Total ram usage:        4 bytes
 Hardware stack levels used:    1
 Hardware stack levels required when called:    4
 This function calls:
		___bmul
 This function is called by:
		_set_timing
 This function uses a non-reentrant model


 *************** function ___bmul *****************
 Defined at:
		line 4 in file "C:\Program Files (x86)\Microchip\xc8\v2.05\pic\sources\c90\common\Umul8.c"
 Parameters:    Size  Location     Type
  multiplier      1    wreg     unsigned char 
  multiplicand    1    0[BANK0 ] unsigned char 
 Auto vars:     Size  Location     Type
  multiplier      1    3[BANK0 ] unsigned char 
  product         1    2[BANK0 ] unsigned char 
 Return value:  Size  Location     Type
                  1    wreg      unsigned char 
 Registers used:
		wreg, status,2, status,0
 Tracked objects:
		On entry : 
		On exit  : 
		Unchanged: 
 Data sizes:     COMMON   BANK0   BANK1   BANK3   BANK2
      Params:         0       1       0       0       0
      Locals:         0       2       0       0       0
      Temps:          0       1       0       0       0
      Totals:         0       4       0       0       0
Total ram usage:        4 bytes
 Hardware stack levels used:    1
 Hardware stack levels required when called:    3
 This function calls:
		Nothing
 This function is called by:
		_bcd_to_decimal
 This function uses a non-reentrant model


 *************** function _bcd_to_ascii *****************
 Defined at:
		line 110 in file "newmain.c"
 Parameters:    Size  Location     Type
  value           1    wreg     unsigned char 
 Auto vars:     Size  Location     Type
  value           1    5[BANK0 ] unsigned char 
  bcd             1    6[BANK0 ] unsigned char 
 Return value:  Size  Location     Type
                  1    wreg      void 
 Registers used:
		wreg, status,2, status,0, pclath, cstack
 Tracked objects:
		On entry : 
		On exit  : 
		Unchanged: 
 Data sizes:     COMMON   BANK0   BANK1   BANK3   BANK2
      Params:         0       0       0       0       0
      Locals:         0       2       0       0       0
      Temps:          0       2       0       0       0
      Totals:         0       4       0       0       0
Total ram usage:        4 bytes
 Hardware stack levels used:    1
 Hardware stack levels required when called:    4
 This function calls:
		_lcd_data
 This function is called by:
		_main
		_set_timing
 This function uses a non-reentrant model


 *************** function _lcd_data *****************
 Defined at:
		line 85 in file "newmain.c"
 Parameters:    Size  Location     Type
  data            1    wreg     unsigned char 
 Auto vars:     Size  Location     Type
  data            1    2[BANK0 ] unsigned char 
 Return value:  Size  Location     Type
                  1    wreg      void 
 Registers used:
		wreg
 Tracked objects:
		On entry : 
		On exit  : 
		Unchanged: 
 Data sizes:     COMMON   BANK0   BANK1   BANK3   BANK2
      Params:         0       0       0       0       0
      Locals:         0       1       0       0       0
      Temps:          0       2       0       0       0
      Totals:         0       3       0       0       0
Total ram usage:        3 bytes
 Hardware stack levels used:    1
 Hardware stack levels required when called:    3
 This function calls:
		Nothing
 This function is called by:
		_lcd_string
		_bcd_to_ascii
 This function uses a non-reentrant model


 *************** function _external *****************
 Defined at:
		line 452 in file "newmain.c"
 Parameters:    Size  Location     Type
		None
 Auto vars:     Size  Location     Type
		None
 Return value:  Size  Location     Type
                  1    wreg      void 
 Registers used:
		wreg, status,2, status,0, pclath, cstack
 Tracked objects:
		On entry : 
		On exit  : 
		Unchanged: 
 Data sizes:     COMMON   BANK0   BANK1   BANK3   BANK2
      Params:         0       0       0       0       0
      Locals:         0       0       0       0       0
      Temps:          3       0       0       0       0
      Totals:         3       0       0       0       0
Total ram usage:        3 bytes
 Hardware stack levels used:    1
 Hardware stack levels required when called:    2
 This function calls:
		i1_lcd_init
 This function is called by:
		Interrupt level 1
 This function uses a non-reentrant model


 *************** function i1_lcd_init *****************
 Defined at:
		line 78 in file "newmain.c"
 Parameters:    Size  Location     Type
		None
 Auto vars:     Size  Location     Type
		None
 Return value:  Size  Location     Type
                  1    wreg      void 
 Registers used:
		wreg, status,2, status,0, pclath, cstack
 Tracked objects:
		On entry : 
		On exit  : 
		Unchanged: 
 Data sizes:     COMMON   BANK0   BANK1   BANK3   BANK2
      Params:         0       0       0       0       0
      Locals:         0       0       0       0       0
      Temps:          0       0       0       0       0
      Totals:         0       0       0       0       0
Total ram usage:        0 bytes
 Hardware stack levels used:    1
 Hardware stack levels required when called:    1
 This function calls:
		i1_lcd_command
 This function is called by:
		_external
 This function uses a non-reentrant model


 *************** function i1_lcd_command *****************
 Defined at:
		line 94 in file "newmain.c"
 Parameters:    Size  Location     Type
  cmd             1    wreg     unsigned char 
 Auto vars:     Size  Location     Type
  cmd             1    2[COMMON] unsigned char 
 Return value:  Size  Location     Type
                  1    wreg      void 
 Registers used:
		wreg
 Tracked objects:
		On entry : 
		On exit  : 
		Unchanged: 
 Data sizes:     COMMON   BANK0   BANK1   BANK3   BANK2
      Params:         0       0       0       0       0
      Locals:         1       0       0       0       0
      Temps:          2       0       0       0       0
      Totals:         3       0       0       0       0
Total ram usage:        3 bytes
 Hardware stack levels used:    1
 This function calls:
		Nothing
 This function is called by:
		i1_lcd_init
 This function uses a non-reentrant model



MODULE INFORMATION

Module		Function		Class		Link	Load	Size
C:\Program Files (x86)\Microchip\xc8\v2.05\pic\sources\c90\common\awmod.c
		___awmod       		CODE           	0655	0000	78

C:\Program Files (x86)\Microchip\xc8\v2.05\pic\sources\c90\common\awmod.c estimated size: 78

newmain.c
		_lcd_command   		CODE           	0FEA	0000	23
		_lcd_data      		CODE           	07C5	0000	24
		_bcd_to_ascii  		CODE           	06E0	0000	57
		_decimal_to_bcd		CODE           	06A2	0000	63
		_main          		CODE           	056E	0000	141
		_bcd_to_decimal		CODE           	0749	0000	48
		_external      		CODE           	0794	0000	27
		_set_timing    		CODE           	001E	0000	1361
		_lcd_string    		CODE           	0778	0000	29
		_lcd_init      		CODE           	07AE	0000	24

newmain.c estimated size: 1797

C:\Program Files (x86)\Microchip\xc8\v2.05\pic\sources\c90\common\Umul8.c
		___bmul        		CODE           	0FC2	0000	20

C:\Program Files (x86)\Microchip\xc8\v2.05\pic\sources\c90\common\Umul8.c estimated size: 20

C:\Program Files (x86)\Microchip\xc8\v2.05\pic\sources\c90\common\awdiv.c
		___awdiv       		CODE           	05FA	0000	92

C:\Program Files (x86)\Microchip\xc8\v2.05\pic\sources\c90\common\awdiv.c estimated size: 92

shared
		__stringtab    		STRING         	0718	0000	7
		__initialization		CODE           	000F	0000	12
		i1_lcd_command 		CODE           	0FD5	0000	22
		i1_lcd_init    		CODE           	07DC	0000	24

shared estimated size: 65

